[log] Writing logs to: /home/tadashi/AndroidSaunaProject/logs/debug-20260829-082343.log
[build] Building debug APKs...
WARNING: A restricted method in java.lang.System has been called
WARNING: java.lang.System::load has been called by net.rubygrapefruit.platform.internal.NativeLibraryLoader in an unnamed module (file:/home/tadashi/.gradle/wrapper/dists/gradle-8.10.2-bin/a04bxjujx95o3nb99gddekhwo/gradle-8.10.2/lib/native-platform-0.22-milestone-26.jar)
WARNING: Use --enable-native-access=ALL-UNNAMED to avoid a warning for callers in this module
WARNING: Restricted methods will be blocked in a future release unless native access is enabled

> Task :mobile:preBuild UP-TO-DATE
> Task :mobile:preDebugBuild UP-TO-DATE
> Task :mobile:mergeDebugNativeDebugMetadata NO-SOURCE
> Task :mobile:checkKotlinGradlePluginConfigurationErrors SKIPPED
> Task :shared:preBuild UP-TO-DATE
> Task :shared:preDebugBuild UP-TO-DATE
> Task :shared:writeDebugAarMetadata UP-TO-DATE
> Task :mobile:checkDebugAarMetadata UP-TO-DATE
> Task :mobile:generateDebugResValues UP-TO-DATE
> Task :shared:generateDebugResValues UP-TO-DATE
> Task :shared:generateDebugResources UP-TO-DATE
> Task :shared:packageDebugResources UP-TO-DATE
> Task :mobile:mapDebugSourceSetPaths UP-TO-DATE
> Task :mobile:generateDebugResources UP-TO-DATE
> Task :mobile:mergeDebugResources UP-TO-DATE
> Task :mobile:packageDebugResources UP-TO-DATE
> Task :mobile:parseDebugLocalResources UP-TO-DATE
> Task :mobile:createDebugCompatibleScreenManifests UP-TO-DATE
> Task :mobile:extractDeepLinksDebug UP-TO-DATE
> Task :shared:extractDeepLinksDebug UP-TO-DATE
> Task :shared:processDebugManifest UP-TO-DATE
> Task :mobile:processDebugMainManifest UP-TO-DATE
> Task :mobile:processDebugManifest UP-TO-DATE
> Task :mobile:processDebugManifestForPackage UP-TO-DATE
> Task :shared:compileDebugLibraryResources UP-TO-DATE
> Task :shared:parseDebugLocalResources UP-TO-DATE
> Task :shared:generateDebugRFile UP-TO-DATE
> Task :mobile:processDebugResources UP-TO-DATE
> Task :shared:checkKotlinGradlePluginConfigurationErrors SKIPPED
> Task :shared:kspDebugKotlin UP-TO-DATE
> Task :shared:compileDebugKotlin UP-TO-DATE
> Task :shared:javaPreCompileDebug UP-TO-DATE
> Task :shared:compileDebugJavaWithJavac UP-TO-DATE
> Task :shared:bundleLibCompileToJarDebug UP-TO-DATE
> Task :mobile:kspDebugKotlin UP-TO-DATE
> Task :mobile:compileDebugKotlin UP-TO-DATE
> Task :mobile:javaPreCompileDebug UP-TO-DATE
> Task :mobile:compileDebugJavaWithJavac NO-SOURCE
> Task :mobile:mergeDebugShaders UP-TO-DATE
> Task :mobile:compileDebugShaders NO-SOURCE
> Task :mobile:generateDebugAssets UP-TO-DATE
> Task :shared:mergeDebugShaders UP-TO-DATE
> Task :shared:compileDebugShaders NO-SOURCE
> Task :shared:generateDebugAssets UP-TO-DATE
> Task :shared:packageDebugAssets UP-TO-DATE
> Task :mobile:mergeDebugAssets UP-TO-DATE
> Task :mobile:compressDebugAssets UP-TO-DATE
> Task :shared:bundleLibRuntimeToJarDebug UP-TO-DATE
> Task :mobile:desugarDebugFileDependencies UP-TO-DATE
> Task :mobile:dexBuilderDebug UP-TO-DATE
> Task :mobile:mergeDebugGlobalSynthetics UP-TO-DATE
> Task :mobile:processDebugJavaRes UP-TO-DATE
> Task :shared:processDebugJavaRes UP-TO-DATE
> Task :mobile:mergeDebugJavaResource UP-TO-DATE
> Task :mobile:checkDebugDuplicateClasses UP-TO-DATE
> Task :mobile:mergeExtDexDebug UP-TO-DATE
> Task :shared:bundleLibRuntimeToDirDebug UP-TO-DATE
> Task :mobile:mergeProjectDexDebug UP-TO-DATE
> Task :mobile:mergeDebugJniLibFolders UP-TO-DATE
> Task :mobile:mergeLibDexDebug UP-TO-DATE
> Task :shared:mergeDebugJniLibFolders UP-TO-DATE
> Task :shared:mergeDebugNativeLibs NO-SOURCE
> Task :shared:copyDebugJniLibsProjectOnly UP-TO-DATE
> Task :mobile:mergeDebugNativeLibs UP-TO-DATE
> Task :mobile:stripDebugDebugSymbols UP-TO-DATE
> Task :mobile:validateSigningDebug UP-TO-DATE
> Task :mobile:writeDebugAppMetadata UP-TO-DATE
> Task :mobile:writeDebugSigningConfigVersions UP-TO-DATE
> Task :mobile:packageDebug UP-TO-DATE
> Task :mobile:createDebugApkListingFileRedirect UP-TO-DATE
> Task :mobile:assembleDebug UP-TO-DATE
> Task :wear:preBuild UP-TO-DATE
> Task :wear:preDebugBuild UP-TO-DATE
> Task :wear:mergeDebugNativeDebugMetadata NO-SOURCE
> Task :wear:checkKotlinGradlePluginConfigurationErrors SKIPPED
> Task :wear:generateDebugResValues
> Task :wear:checkDebugAarMetadata
> Task :wear:mapDebugSourceSetPaths
> Task :wear:generateDebugResources
> Task :wear:packageDebugResources
> Task :wear:createDebugCompatibleScreenManifests
> Task :wear:extractDeepLinksDebug
> Task :wear:parseDebugLocalResources
> Task :wear:mergeDebugResources
> Task :wear:processDebugMainManifest
> Task :wear:processDebugManifest
> Task :wear:mergeDebugShaders
> Task :wear:compileDebugShaders NO-SOURCE
> Task :wear:generateDebugAssets UP-TO-DATE
> Task :wear:javaPreCompileDebug
> Task :wear:mergeDebugAssets
> Task :wear:compressDebugAssets
> Task :wear:desugarDebugFileDependencies
> Task :wear:mergeDebugJniLibFolders
> Task :wear:checkDebugDuplicateClasses
> Task :wear:mergeDebugNativeLibs
> Task :wear:processDebugManifestForPackage
> Task :wear:mergeLibDexDebug

> Task :wear:stripDebugDebugSymbols
Unable to strip the following libraries, packaging them as they are: libandroidx.graphics.path.so.

> Task :wear:validateSigningDebug
> Task :wear:writeDebugAppMetadata
> Task :wear:writeDebugSigningConfigVersions
> Task :wear:processDebugResources
> Task :wear:kspDebugKotlin
> Task :wear:mergeExtDexDebug
> Task :wear:compileDebugKotlin
> Task :wear:compileDebugJavaWithJavac NO-SOURCE
> Task :wear:dexBuilderDebug
> Task :wear:mergeDebugGlobalSynthetics
> Task :wear:processDebugJavaRes
> Task :wear:mergeProjectDexDebug
> Task :wear:mergeDebugJavaResource
> Task :wear:packageDebug
> Task :wear:createDebugApkListingFileRedirect
> Task :wear:assembleDebug

BUILD SUCCESSFUL in 10s
93 actionable tasks: 36 executed, 57 up-to-date
[target] Mode: both
[target] Using phone: zh2be22blw
[target] Using watch: adb-5A211WRBNW414R-etOlj6._adb-tls-connect._tcp
[install] Installing mobile app...
[install-mobile] attempt 1/3
Performing Streamed Install
Success
[install] Installing wear app...
[install-wear] attempt 1/3
Performing Streamed Install
Success
[launch] Launching apps...
Done.
Phone logs: adb -s zh2be22blw logcat
Watch logs: adb -s adb-5A211WRBNW414R-etOlj6._adb-tls-connect._tcp logcat
Session log file: /home/tadashi/AndroidSaunaProject/logs/debug-20260829-082343.log
