--------- beginning of system
08-28 22:25:11.584 W/ActivityManager( 1891): Skipping manifest association check for null package. SourceUid: -1, SourcePkg: null, TargetUid: 10107, TargetPkg: com.google.android.wearable.watchface.rwf
08-28 22:25:12.085 W/ActivityManager( 1891): Skipping manifest association check for null package. SourceUid: -1, SourcePkg: null, TargetUid: 10107, TargetPkg: com.google.android.wearable.watchface.rwf
08-28 22:27:12.364 W/ActivityManager( 1891): Skipping manifest association check for null package. SourceUid: -1, SourcePkg: null, TargetUid: 10107, TargetPkg: com.google.android.wearable.watchface.rwf
08-28 22:27:12.865 W/ActivityManager( 1891): Skipping manifest association check for null package. SourceUid: -1, SourcePkg: null, TargetUid: 10107, TargetPkg: com.google.android.wearable.watchface.rwf
08-28 22:27:18.282 I/ActivityManager( 1891): Start proc 13783:com.google.android.crossdeviceaccessservice/u0a20 for broadcast {com.google.android.crossdeviceaccessservice/com.google.android.crossdeviceaccessservice.associated.shared.data.infrastructure.SensorEventReceiver}
08-28 22:27:19.069 W/ActivityManager( 1891): Skipping manifest association check for null package. SourceUid: -1, SourcePkg: null, TargetUid: 10107, TargetPkg: com.google.android.wearable.watchface.rwf
08-28 22:27:19.170 W/ActivityManager( 1891): pid 7042 com.google.android.gms.persistent sent binder code 18 with flags 2 and got error -74
08-28 22:27:19.536 W/ActivityManager( 1891): Skipping manifest association check for null package. SourceUid: -1, SourcePkg: null, TargetUid: 10107, TargetPkg: com.google.android.wearable.watchface.rwf
08-28 22:27:25.459 I/ActivityManager( 1891): Start proc 13875:com.google.android.apps.maps/u0a82 for bound-service {com.google.android.apps.maps/androidx.work.impl.background.systemjob.SystemJobService}
08-28 22:27:25.488 W/ActivityManager( 1891): Slow operation: 55ms so far, now at startProcess: returned from zygote!
08-28 22:27:25.493 W/ActivityManager( 1891): Slow operation: 60ms so far, now at startProcess: done updating battery stats
08-28 22:27:25.494 W/ActivityManager( 1891): Slow operation: 60ms so far, now at startProcess: building log message
08-28 22:27:25.494 I/ActivityManager( 1891): Start proc 13876:com.google.android.rkpdapp/u0a130 for bound-service {com.google.android.rkpdapp/androidx.work.impl.background.systemjob.SystemJobService}
08-28 22:27:25.494 W/ActivityManager( 1891): Slow operation: 60ms so far, now at startProcess: starting to update pids map
08-28 22:27:25.494 W/ActivityManager( 1891): Slow operation: 60ms so far, now at startProcess: done updating pids map
08-28 22:27:25.544 W/ActivityManager( 1891): Slow operation: 88ms so far, now at startProcess: returned from zygote!
08-28 22:27:25.573 W/ActivityManager( 1891): Slow operation: 118ms so far, now at startProcess: done updating battery stats
08-28 22:27:25.573 W/ActivityManager( 1891): Slow operation: 118ms so far, now at startProcess: building log message
08-28 22:27:25.573 I/ActivityManager( 1891): Start proc 13877:com.google.android.apps.messaging/u0a95 for bound-service {com.google.android.apps.messaging/androidx.work.impl.background.systemjob.SystemJobService}
08-28 22:27:25.574 W/ActivityManager( 1891): Slow operation: 118ms so far, now at startProcess: starting to update pids map
08-28 22:27:25.577 W/ActivityManager( 1891): Slow operation: 122ms so far, now at startProcess: done updating pids map
08-28 22:27:27.343 I/ActivityManager( 1891): Process com.google.android.contacts (pid 12282) has died: cch  +65 CEM 
08-28 22:27:27.543 W/ActivityManager( 1891): Slow operation: 56ms so far, now at finishAttachApplicationInner: after mServices.attachApplicationLocked
08-28 22:27:27.543 W/ActivityManager( 1891): Slow operation: 56ms so far, now at finishAttachApplicationInner: after dispatching broadcasts
08-28 22:27:27.943 W/ActivityManager( 1891): pid 1891 system sent binder code 27 with flags 1 and got error -32
08-28 22:27:27.944 W/ActivityManager( 1891): Failed to clear dns cache for: com.android.keychain
08-28 22:27:27.959 I/ActivityManager( 1891): Process com.android.keychain (pid 12615) has died: cch  +45 CEM 
08-28 22:27:27.975 I/ActivityManager( 1891): Process com.google.android.calendar (pid 6138) has died: cch  +55 CEM 
08-28 22:27:27.995 I/ActivityManager( 1891): Process com.google.android.apps.safetyhub (pid 12244) has died: cch  +55 CEM 
08-28 22:27:28.562 I/ActivityManager( 1891): Process com.google.android.wearable.protolayout.renderer (pid 12123) has died: cch  +45 CEM 
08-28 22:27:28.864 W/ActivityManager( 1891): Skipping manifest association check for null package. SourceUid: -1, SourcePkg: null, TargetUid: 10108, TargetPkg: com.google.android.gms
08-28 22:27:28.870 W/ActivityManager( 1891): Skipping manifest association check for null package. SourceUid: -1, SourcePkg: null, TargetUid: 10108, TargetPkg: com.google.android.gms
08-28 22:27:29.155 W/ActivityManager( 1891): Skipping manifest association check for null package. SourceUid: -1, SourcePkg: null, TargetUid: 10082, TargetPkg: com.google.android.apps.maps
08-28 22:27:29.441 W/ActivityManager( 1891): Unbinding backup agent with no active backup
08-28 22:27:29.590 I/ActivityManager( 1891): Process com.android.vending:background (pid 12614) has died: cch  +35 CEM 
08-28 22:27:29.591 W/ActivityManager( 1891): Scheduling restart of crashed service com.android.vending/com.google.frameworks.client.data.android.server.play.BackgroundProcessEndpointService in 10000ms for connection
08-28 22:27:29.681 I/ActivityManager( 1891): Process com.google.android.permissioncontroller (pid 12637) has died: cch  +35 CEM 
08-28 22:27:29.724 W/ActivityManager( 1891): Rescheduling restart of crashed service com.android.vending/com.google.frameworks.client.data.android.server.play.BackgroundProcessEndpointService in 29867ms for mem-pressure-event
08-28 22:27:29.879 I/ActivityManager( 1891): Process com.android.vending (pid 12530) has died: cch  +25 CEM 
08-28 22:27:30.803 I/ActivityManager( 1891): Process com.google.android.apps.weather (pid 13343) has died: cch  +25 CEM 
08-28 22:27:31.106 I/ActivityManager( 1891): Process com.google.android.gm (pid 17931) has died: cch  +20 CRE 
08-28 22:27:31.692 I/ActivityManager( 1891): Process com.fitbit.FitbitMobile (pid 7874) has died: cch  +10 CAC 
08-28 22:27:31.746 W/ActivityManager( 1891): setHasOverlayUi called on unknown pid: 7874
08-28 22:27:33.038 I/ActivityManager( 1891): Process com.google.android.gms.unstable (pid 13251) has died: cch  +65 CEM 
08-28 22:28:13.289 I/ActivityManager( 1891): Start proc 14038:com.fitbit.FitbitMobile/u0a92 for broadcast {com.fitbit.FitbitMobile/com.google.android.wearable.fitbit.mainapp.commondata.passivedata.DataPointReceiver}
08-28 22:28:14.393 W/ActivityManager( 1891): Skipping manifest association check for null package. SourceUid: -1, SourcePkg: null, TargetUid: 10092, TargetPkg: com.fitbit.FitbitMobile
08-28 22:28:14.667 W/ActivityManager( 1891): Unable to start service Intent { act=android.support.wearable.complications.ACTION_WEAR_SDK_COMPLICATION_UPDATE_REQUEST xflg=0x4 cmp=com.fitbit.FitbitMobile/com.google.android.wearable.fitbit.mainapp.complications.offloadable.heartratezones.OffloadableHeartRateZonesComplicationDataSourceService } U=0: not found
08-28 22:28:14.669 W/ActivityManager( 1891): Unable to start service Intent { act=android.support.wearable.complications.ACTION_WEAR_SDK_COMPLICATION_UPDATE_REQUEST xflg=0x4 cmp=com.fitbit.FitbitMobile/com.google.android.wearable.fitbit.mainapp.complications.lastexercise.LastExerciseComplicationDataSourceService } U=0: not found
08-28 22:28:14.685 W/ActivityManager( 1891): Unable to start service Intent { act=android.support.wearable.complications.ACTION_WEAR_SDK_COMPLICATION_UPDATE_REQUEST xflg=0x4 cmp=com.fitbit.FitbitMobile/com.google.android.wearable.fitbit.mainapp.complications.offloadable.sleepduration.OffloadableSleepDurationComplicationDataSourceService } U=0: not found
08-28 22:28:14.693 W/ActivityManager( 1891): Unable to start service Intent { act=android.support.wearable.complications.ACTION_WEAR_SDK_COMPLICATION_UPDATE_REQUEST xflg=0x4 cmp=com.fitbit.FitbitMobile/com.google.android.wearable.fitbit.mainapp.complications.offloadable.exercisedays.OffloadableExerciseDaysComplicationDataSourceService } U=0: not found
08-28 22:28:14.705 W/ActivityManager( 1891): Unable to start service Intent { act=android.support.wearable.complications.ACTION_WEAR_SDK_COMPLICATION_UPDATE_REQUEST xflg=0x4 cmp=com.fitbit.FitbitMobile/com.google.android.wearable.fitbit.mainapp.complications.offloadable.menstrualhealth.OffloadableMenstrualHealthComplicationDataSourceService } U=0: not found
08-28 22:28:14.713 W/ActivityManager( 1891): Unable to start service Intent { act=android.support.wearable.complications.ACTION_WEAR_SDK_COMPLICATION_UPDATE_REQUEST xflg=0x4 cmp=com.fitbit.FitbitMobile/com.google.android.wearable.fitbit.mainapp.complications.offloadable.sleepscore.OffloadableSleepScoreComplicationDataSourceService } U=0: not found
08-28 22:28:14.721 W/ActivityManager( 1891): Unable to start service Intent { act=android.support.wearable.complications.ACTION_WEAR_SDK_COMPLICATION_UPDATE_REQUEST xflg=0x4 cmp=com.fitbit.FitbitMobile/com.google.android.wearable.fitbit.mainapp.complications.offloadable.hourlyactivity.OffloadableHourlyActivityComplicationDataSourceService } U=0: not found
08-28 22:28:14.953 W/ActivityManager( 1891): Skipping manifest association check for null package. SourceUid: -1, SourcePkg: null, TargetUid: 10092, TargetPkg: com.fitbit.FitbitMobile
08-28 22:29:14.945 I/ActivityManager( 1891): updateOomAdj start time is before than pendingPid added, don't delete it
08-28 22:29:15.406 W/ActivityManager( 1891): Slow operation: 68ms so far, now at startProcess: done updating battery stats
08-28 22:29:15.406 W/ActivityManager( 1891): Slow operation: 68ms so far, now at startProcess: building log message
08-28 22:29:15.406 I/ActivityManager( 1891): Start proc 14194:com.google.android.calendar/u0a73 for broadcast {com.google.android.calendar/com.google.android.apps.calendar.wear.notifications.bridging.BridgingMitigationBroadcastReceiver}
08-28 22:29:15.406 W/ActivityManager( 1891): Slow operation: 68ms so far, now at startProcess: starting to update pids map
08-28 22:29:15.574 W/ActivityManager( 1891): Slow operation: 237ms so far, now at startProcess: done updating pids map
08-28 22:29:15.757 W/ActivityManager( 1891): pid 7042 com.google.android.gms.persistent sent binder code 18 with flags 2 and got error -74
08-28 22:29:16.440 W/ActivityManager( 1891): Skipping manifest association check for null package. SourceUid: -1, SourcePkg: null, TargetUid: 10107, TargetPkg: com.google.android.wearable.watchface.rwf
08-28 22:29:16.941 W/ActivityManager( 1891): Skipping manifest association check for null package. SourceUid: -1, SourcePkg: null, TargetUid: 10107, TargetPkg: com.google.android.wearable.watchface.rwf
08-28 22:29:22.473 W/ActivityManager( 1891): Skipping manifest association check for null package. SourceUid: -1, SourcePkg: null, TargetUid: 10107, TargetPkg: com.google.android.wearable.watchface.rwf
08-28 22:29:23.041 W/ActivityManager( 1891): Skipping manifest association check for null package. SourceUid: -1, SourcePkg: null, TargetUid: 10107, TargetPkg: com.google.android.wearable.watchface.rwf
08-28 22:29:35.379 W/ActivityManager( 1891): pid 7042 com.google.android.gms.persistent sent binder code 18 with flags 2 and got error -74
08-28 22:29:39.662 W/ActivityManager( 1891): Skipping manifest association check for null package. SourceUid: -1, SourcePkg: null, TargetUid: 10107, TargetPkg: com.google.android.wearable.watchface.rwf
08-28 22:29:40.164 W/ActivityManager( 1891): Skipping manifest association check for null package. SourceUid: -1, SourcePkg: null, TargetUid: 10107, TargetPkg: com.google.android.wearable.watchface.rwf
08-28 22:29:44.057 W/ActivityManager( 1891): Skipping manifest association check for null package. SourceUid: -1, SourcePkg: null, TargetUid: 10107, TargetPkg: com.google.android.wearable.watchface.rwf
08-28 22:29:44.557 W/ActivityManager( 1891): Skipping manifest association check for null package. SourceUid: -1, SourcePkg: null, TargetUid: 10107, TargetPkg: com.google.android.wearable.watchface.rwf
08-28 22:29:57.906 I/ActivityManager( 1891): Background started FGS: Allowed [callingPackage: com.totonoi.sauna; callingUid: 10179; uidState: TOP ; uidBFSL: [BFSL]; BFGS denied: false; intent: Intent { act=com.totonoi.sauna.wear.action.START xflg=0x4 cmp=com.totonoi.sauna/.wear.session.MeasurementService }; code:PROC_STATE_TOP; tempAllowListReason:<null>; allowWiu:12; targetSdkVersion:35; callerTargetSdkVersion:35; startForegroundCount:0; bindFromPackage:null; isBindService:false]
08-28 22:30:03.092 W/ActivityManager( 1891): Skipping manifest association check for null package. SourceUid: -1, SourcePkg: null, TargetUid: 10107, TargetPkg: com.google.android.wearable.watchface.rwf
08-28 22:30:03.592 W/ActivityManager( 1891): Skipping manifest association check for null package. SourceUid: -1, SourcePkg: null, TargetUid: 10107, TargetPkg: com.google.android.wearable.watchface.rwf
08-28 22:30:04.749 W/ActivityManager( 1891): Skipping manifest association check for null package. SourceUid: -1, SourcePkg: null, TargetUid: 10107, TargetPkg: com.google.android.wearable.watchface.rwf
08-28 22:30:05.250 W/ActivityManager( 1891): Skipping manifest association check for null package. SourceUid: -1, SourcePkg: null, TargetUid: 10107, TargetPkg: com.google.android.wearable.watchface.rwf
08-28 22:30:07.163 W/ActivityManager( 1891): Skipping manifest association check for null package. SourceUid: -1, SourcePkg: null, TargetUid: 10107, TargetPkg: com.google.android.wearable.watchface.rwf
08-28 22:30:07.663 W/ActivityManager( 1891): Skipping manifest association check for null package. SourceUid: -1, SourcePkg: null, TargetUid: 10107, TargetPkg: com.google.android.wearable.watchface.rwf
--------- beginning of system
08-28 22:29:57.906 I/ActivityManager( 1891): Background started FGS: Allowed [callingPackage: com.totonoi.sauna; callingUid: 10179; uidState: TOP ; uidBFSL: [BFSL]; BFGS denied: false; intent: Intent { act=com.totonoi.sauna.wear.action.START xflg=0x4 cmp=com.totonoi.sauna/.wear.session.MeasurementService }; code:PROC_STATE_TOP; tempAllowListReason:<null>; allowWiu:12; targetSdkVersion:35; callerTargetSdkVersion:35; startForegroundCount:0; bindFromPackage:null; isBindService:false]
08-28 22:30:03.092 W/ActivityManager( 1891): Skipping manifest association check for null package. SourceUid: -1, SourcePkg: null, TargetUid: 10107, TargetPkg: com.google.android.wearable.watchface.rwf
08-28 22:30:03.592 W/ActivityManager( 1891): Skipping manifest association check for null package. SourceUid: -1, SourcePkg: null, TargetUid: 10107, TargetPkg: com.google.android.wearable.watchface.rwf
08-28 22:30:04.749 W/ActivityManager( 1891): Skipping manifest association check for null package. SourceUid: -1, SourcePkg: null, TargetUid: 10107, TargetPkg: com.google.android.wearable.watchface.rwf
08-28 22:30:05.250 W/ActivityManager( 1891): Skipping manifest association check for null package. SourceUid: -1, SourcePkg: null, TargetUid: 10107, TargetPkg: com.google.android.wearable.watchface.rwf
08-28 22:30:07.163 W/ActivityManager( 1891): Skipping manifest association check for null package. SourceUid: -1, SourcePkg: null, TargetUid: 10107, TargetPkg: com.google.android.wearable.watchface.rwf
08-28 22:30:07.663 W/ActivityManager( 1891): Skipping manifest association check for null package. SourceUid: -1, SourcePkg: null, TargetUid: 10107, TargetPkg: com.google.android.wearable.watchface.rwf
08-28 22:30:08.874 W/ActivityManager( 1891): Skipping manifest association check for null package. SourceUid: -1, SourcePkg: null, TargetUid: 10107, TargetPkg: com.google.android.wearable.watchface.rwf
08-28 22:30:09.374 W/ActivityManager( 1891): Skipping manifest association check for null package. SourceUid: -1, SourcePkg: null, TargetUid: 10107, TargetPkg: com.google.android.wearable.watchface.rwf
08-28 22:30:14.345 W/ActivityManager( 1891): Skipping manifest association check for null package. SourceUid: -1, SourcePkg: null, TargetUid: 10107, TargetPkg: com.google.android.wearable.watchface.rwf
08-28 22:30:14.849 W/ActivityManager( 1891): Skipping manifest association check for null package. SourceUid: -1, SourcePkg: null, TargetUid: 10107, TargetPkg: com.google.android.wearable.watchface.rwf
08-28 22:30:27.904 W/ActivityManager( 1891): pid 7042 com.google.android.gms.persistent sent binder code 18 with flags 2 and got error -74
08-28 22:30:38.324 W/ActivityManager( 1891): Skipping manifest association check for null package. SourceUid: -1, SourcePkg: null, TargetUid: 10107, TargetPkg: com.google.android.wearable.watchface.rwf
08-28 22:30:38.572 W/ActivityManager( 1891): pid 7042 com.google.android.gms.persistent sent binder code 18 with flags 2 and got error -74
08-28 22:30:38.825 W/ActivityManager( 1891): Skipping manifest association check for null package. SourceUid: -1, SourcePkg: null, TargetUid: 10107, TargetPkg: com.google.android.wearable.watchface.rwf
08-28 22:30:42.081 W/ActivityManager( 1891): Skipping manifest association check for null package. SourceUid: -1, SourcePkg: null, TargetUid: 10107, TargetPkg: com.google.android.wearable.watchface.rwf
08-28 22:30:42.570 W/ActivityManager( 1891): Skipping manifest association check for null package. SourceUid: -1, SourcePkg: null, TargetUid: 10107, TargetPkg: com.google.android.wearable.watchface.rwf
08-28 22:30:47.188 W/ActivityManager( 1891): Skipping manifest association check for null package. SourceUid: -1, SourcePkg: null, TargetUid: 10107, TargetPkg: com.google.android.wearable.watchface.rwf
08-28 22:30:47.688 W/ActivityManager( 1891): Skipping manifest association check for null package. SourceUid: -1, SourcePkg: null, TargetUid: 10107, TargetPkg: com.google.android.wearable.watchface.rwf
--------- beginning of main
08-28 22:31:26.181 I/SessionSyncSender(12817): Sending notification for 39f60276-7e4d-4739-b31a-2cac476881fc to 1 node(s)
08-28 22:31:26.199 I/SessionSyncSender(12817): Submitting session 39f60276-7e4d-4739-b31a-2cac476881fc to Data Layer
08-28 22:31:26.217 I/SessionSyncSender(12817): Session 39f60276-7e4d-4739-b31a-2cac476881fc accepted at wear://9ae63284/sauna/session/39f60276-7e4d-4739-b31a-2cac476881fc
08-28 22:31:31.010 W/ActivityManager( 1891): Skipping manifest association check for null package. SourceUid: -1, SourcePkg: null, TargetUid: 10107, TargetPkg: com.google.android.wearable.watchface.rwf
08-28 22:31:31.510 W/ActivityManager( 1891): Skipping manifest association check for null package. SourceUid: -1, SourcePkg: null, TargetUid: 10107, TargetPkg: com.google.android.wearable.watchface.rwf
